// Jest Snapshot v1, https://goo.gl/fbAQLP

exports[`renders correctly renders correctly 1`] = `
<h1
  className="h-60percent-vh pt-20 text-center text-3xl text-red-500 font-bold"
>
  This page is not implemented. Sorry.
</h1>
`;
